// Vitest Snapshot v1, https://vitest.dev/guide/snapshot.html

exports[`FirstStepsApp > should match snapshot 1`] = `
[
  <div
    role="root"
  >
    <h1>
      Shopping cart
    </h1>
    <section
      class="_item-row_8b32a2"
    >
      <span
        class="_itemText_8b32a2"
        style="color: red;"
      >
        Nintendo switch 2
      </span>
      <button>
        +1
      </button>
      <span>
        1
      </span>
      <button>
        -1
      </button>
    </section>
    <section
      class="_item-row_8b32a2"
    >
      <span
        class="_itemText_8b32a2"
        style="color: black;"
      >
        Pro controller
      </span>
      <button>
        +1
      </button>
      <span>
        3
      </span>
      <button>
        -1
      </button>
    </section>
    <section
      class="_item-row_8b32a2"
    >
      <span
        class="_itemText_8b32a2"
        style="color: black;"
      >
        Super smash
      </span>
      <button>
        +1
      </button>
      <span>
        5
      </span>
      <button>
        -1
      </button>
    </section>
  </div>,
]
`;
